manifest should match snapshot:
  1: |
    apiVersion: rbac.authorization.k8s.io/v1
    kind: ClusterRole
    metadata:
      labels: null
      name: steadybit-extension-kubernetes
    rules:
      - apiGroups:
          - apps
        resources:
          - deployments
          - replicasets
          - daemonsets
          - statefulsets
        verbs:
          - get
          - list
          - watch
          - patch
      - apiGroups:
          - ""
        resources:
          - services
          - pods
          - nodes
          - events
        verbs:
          - get
          - list
          - watch
